
Switch from main to new branch named bmf_code
	
$git checkout -b bmf_code

-b creates new branch and switches to it

Use git checkout to switch between branches

Use git branch to see which branch you are on. * will tell you.

Use git fetch to keep local repo up to date with remote repo

Use git add ... to update what will be commited

Use git restore ... to discard changes in working directory


Merge example:

pi@rasp4:~/Coding/devnet_folder/devnet_stuff $ git checkout main
Switched to branch 'main'
Your branch is up to date with 'origin/main'.
pi@rasp4:~/Coding/devnet_folder/devnet_stuff $ git status
On branch main
Your branch is up to date with 'origin/main'.

nothing to commit, working tree clean
pi@rasp4:~/Coding/devnet_folder/devnet_stuff $ git merge mycode
Updating f98b4c2..0dfd306
Fast-forward
 git_stuff/git_notes.txt | 16 ++++++++++++++++
 1 file changed, 16 insertions(+)
 create mode 100644 git_stuff/git_notes.txt
pi@rasp4:~/Coding/devnet_folder/devnet_stuff $ git status
On branch main
Your branch is ahead of 'origin/main' by 2 commits.
  (use "git push" to publish your local commits)

nothing to commit, working tree clean
pi@rasp4:~/Coding/devnet_folder/devnet_stuff $ ls -l
total 8
drwxr-xr-x 2 pi pi 4096 Apr  6 09:43 git_stuff
-rw-r--r-- 1 pi pi  228 Apr  6 08:37 README.md
pi@rasp4:~/Coding/devnet_folder/devnet_stuff $ git status
On branch main
Your branch is ahead of 'origin/main' by 2 commits.
  (use "git push" to publish your local commits)

nothing to commit, working tree clean
pi@rasp4:~/Coding/devnet_folder/devnet_stuff $ git push
Username for 'https://github.com': ################
Password for 'https://####################
Enumerating objects: 9, done.
Counting objects: 100% (9/9), done.
Delta compression using up to 4 threads
Compressing objects: 100% (6/6), done.
Writing objects: 100% (8/8), 864 bytes | 216.00 KiB/s, done.


If you make changes to a file but decide you don't want to commit it. To restore the previous version use:
$git checkout filename.txt  

If you have made multiple changes to several files to restore "last known good state" issue:
$git reset --hard

To delete a branch if no longer needed.

$ git branch
* main
  mycode
$ git branch --delete --force mycode
Deleted branch mycode (was 0dfd306).
$

To add file to working directory and commit change.
$git add filename
$git commit -m "Comment describing commit"


To change git editor
git config --global core.editor "vim"
export GIT_EDITOR=vim

